[apple.jeanarbo.com/index.html]
[backblue.gif]
[fade.gif]
[index.html]
[apple.jeanarbo.com/assets/img/apple-favicon.png]
[cdnjs.cloudflare.com/ajax/libs/twitter-bootstrap/4.1.1/css/bootstrap.min.css]
[cdnjs.cloudflare.com/ajax/libs/font-awesome/4.7.0/css/font-awesome.min.css]
[apple.jeanarbo.com/assets/css/Footer-Clean.css]
[apple.jeanarbo.com/assets/css/styles.css]
[apple.jeanarbo.com/index-2.html]
[apple.jeanarbo.com/assets/img/iphone_x_largetall.jpg]
[apple.jeanarbo.com/assets/img/ipad_largetall.jpg]
[apple.jeanarbo.com/assets/img/macbook_pro_performance_largetall.png]
[apple.jeanarbo.com/assets/img/iphone_8_large.jpg]
[apple.jeanarbo.com/assets/img/airpods_large.jpg]
[apple.jeanarbo.com/assets/img/watch_series_3_large.jpg]
[cdnjs.cloudflare.com/ajax/libs/jquery/3.2.1/jquery.min.js]
[apple.jeanarbo.com/index.html]
[cdnjs.cloudflare.com/ajax/libs/twitter-bootstrap/4.1.1/css/bootstrap.min.css]
[cdnjs.cloudflare.com/ajax/libs/font-awesome/4.7.0/css/font-awesome.min.css]
[apple.jeanarbo.com/assets/css/Footer-Clean.css]
[apple.jeanarbo.com/assets/css/styles.css]
[apple.jeanarbo.com/index-2.html]
[cdnjs.cloudflare.com/ajax/libs/twitter-bootstrap/4.1.1/js/bootstrap.bundle.min.js]
[apple.jeanarbo.com/_assets/img/shop_for_college_large.html]
[apple.jeanarbo.com/_assets/img/behind_the_mac_boniface_large.html]
[apple.jeanarbo.com/_assets/img/how_to_shoot_large.html]
